gate D92 OK 1.04333
B4 ok BBOB_F1
B4 ok BBOB_F17
B4 ok BBOB_F22
B4 ok BBOB_F37
B4 ok BBOB_F49
B4 ok BBOB_F5
B4 ok BBOB_F55
B4 ok DTLZ1
B4 ok DTLZ2
B4 ok DTLZ3
B4 ok DTLZ4
B4 ok DTLZ7
B4 ok MMF1
B4 ok MMF11_L
B4 ok MMF16_20
B4 ok MMF4
B4 ok WFG1
B4 ok WFG2
B4 ok WFG4
B4 ok WFG5
B4 ok WFG9
B4 ok ZDT1
B4 ok ZDT3
B4 ok ZDT4
B4 ok ZDT6
B4 ok swap_medium-lhs_DTLZ2
B4 ok swap_medium-lhs_MMF16_20
B4 ok swap_medium-lhs_WFG9
B4 ok swap_medium-lhs_ZDT1
B4 ok swap_medium-lhs_ZDT4
B4 ok swap_medium-mvns_DTLZ2
B4 ok swap_medium-mvns_MMF16_20
B4 ok swap_medium-mvns_WFG9
B4 ok swap_medium-mvns_ZDT1
B4 ok swap_medium-mvns_ZDT4
B4 ok swap_small-lhs_DTLZ2
B4 ok swap_small-lhs_MMF16_20
B4 ok swap_small-lhs_WFG9
B4 ok swap_small-lhs_ZDT1
B4 ok swap_small-lhs_ZDT4
B4 ok swap_small-mvns_DTLZ2
B4 ok swap_small-mvns_MMF16_20
B4 ok swap_small-mvns_WFG9
B4 ok swap_small-mvns_ZDT1
B4 ok swap_small-mvns_ZDT4
B gravado
