gate D92 OK: 1.04333
  BBOB_F1 ok
  BBOB_F17 ok
  BBOB_F22 ok
  BBOB_F37 ok
  BBOB_F49 ok
  BBOB_F5 ok
  BBOB_F55 ok
  DTLZ1 ok
  DTLZ2 ok
  DTLZ3 ok
  DTLZ4 ok
  DTLZ7 ok
  MMF1 ok
  MMF11_L ok
  MMF16_20 ok
  MMF4 ok
  WFG1 ok
  WFG2 ok
  WFG4 ok
  WFG5 ok
  WFG9 ok
  ZDT1 ok
  ZDT3 ok
  ZDT4 ok
  ZDT6 ok
    problema   D  M   N  s1_conjunto  s1_ordem  log_nfr  f64_nfr  f32_nfr  log_f1  f64_f1  f32_f1  s2_max_dif  traj_viol        igd0        igdF  ganho_traj     igd_doe     igd_fin     igd_opt    hv_doe    hv_fin  nd_doe  nd_fin  razao_doe  regride
0    BBOB_F1  10  2  20         True      True       17       17       17       7       7       7         0.0          0    1.665115    0.258214    1.406901    0.508154    0.258214    0.258214  0.287252  0.587766       7      16   0.508141    False
1   BBOB_F17  10  2  20         True      True       14       14       14       6       6       6         0.0          0    2.416790    0.033934    2.382856    0.105676    0.033934    0.035178  1.014810  1.080327       6      20   0.321111    False
2   BBOB_F22  10  2  20         True      True       20       20       20       5       5       5         0.0          0    6.550407    0.811612    5.738795    0.928699    0.811612    0.811612  0.000000  0.073681       5      17   0.873923    False
3   BBOB_F37  10  2  20         True      True       17       17       17       5       5       5         0.0          0    1.182739    0.452479    0.730260    0.675581    0.452479    0.452479  0.121692  0.289149       5       9   0.669762    False
4   BBOB_F49  10  2  20         True      True       20       20       20       5       5       5         0.0          0    1.338304    0.407819    0.930485    0.506814    0.407819    0.427374  0.434561  0.559353       5      25   0.804672    False
5    BBOB_F5  10  2  20         True      True       22       22       22       7       7       7         0.0          0    0.916547    0.255811    0.660736    0.609908    0.255811    0.255811  0.078793  0.504698       7      20   0.419425    False
6   BBOB_F55  10  2  20         True      True       17       17       17       4       4       4         0.0          0    1.388542    0.808435    0.580107    1.090465    0.808435    0.808435  0.018450  0.132431       4      10   0.741367    False
7      DTLZ1   7  3  15         True      True        6        6        6      17      17      17         0.0          0  541.775355   55.243198  486.532157  115.243659   55.243198   55.243198  0.000000  0.000000      17      22   0.479360    False
8      DTLZ2  12  3  15         True      True        6        6        6      40      40      40         0.0          0    1.629730    0.351863    1.277867    0.448419    0.351863    0.382120  0.052172  0.152636      40      67   0.784675    False
9      DTLZ3  12  3  15         True      True        7        7        7      19      19      19         0.0          0  914.160062  210.159422  704.000640  446.915135  210.159422  210.159422  0.000000  0.000000      19      25   0.470245    False
10     DTLZ4  12  3  15         True      True        7        7       23      23      23       7         0.0          0    1.230265    0.323710    0.906555    0.819604    0.323710    0.323710  0.000000  0.072652       7      24   0.394960    False
11     DTLZ7  22  3  15         True      True       10       10       10      21      21      21         0.0          0    2.950639    1.428293    1.522346    2.696955    1.428293    1.428293  0.000000  0.000000      21      46   0.529595    False
12      MMF1   2  2  20         True      True        6        6        6       7       7       7         0.0          0    2.811297    0.068563    2.742734    0.117792    0.068563    0.085096  0.618297  0.731720       7      10   0.582072    False
13   MMF11_L   2  2  20         True      True        3        3        3       9       9       9         0.0          0    0.572821    0.043619    0.529201    0.061379    0.043619    0.044532  0.885078  0.917425       9      17   0.710658    False
14  MMF16_20  20  3  15         True      True        7        7        7      50      50      50         0.0          0    0.855920    0.060014    0.795906    0.077786    0.060014    0.086100  0.555859  0.605121      50     243   0.771530    False
15      MMF4   2  2  20         True      True        4        4        4       9       9       9         0.0          0    0.367524    0.041876    0.325648    0.068339    0.041876    0.042659  0.405947  0.453491       9      17   0.612760    False
16      WFG1  22  2  20         True      True       22       22       22      18      18      18         0.0          0    1.116345    0.710468    0.405876    1.000261    0.710468    0.710471  0.000000  0.061901      18      32   0.710283    False
17      WFG2  22  2  20         True      True       26       26       26       8       8       8         0.0          0    0.659570    0.223741    0.435829    0.235081    0.223741    0.228791  0.432054  0.447028       8      20   0.951763    False
18      WFG4  22  2  20         True      True       10       10       10      30      30      30         0.0          0    0.328207    0.109050    0.219157    0.134462    0.109050    0.113016  0.200396  0.238075      30      36   0.811014    False
19      WFG5  22  2  20         True      True       10       10       10      36      36      36         0.0          0    0.543515    0.187378    0.356137    0.216161    0.187378    0.192765  0.131978  0.160555      36      52   0.866844    False
20      WFG9  22  2  20         True      True       11       11       11      15      15      15         0.0          0    0.692849    0.149732    0.543116    0.238715    0.149732    0.149732  0.091529  0.197949      15      38   0.627243    False
21      ZDT1  30  2  20         True      True       19       19       19      14      14      14         0.0          0    3.825361    1.686875    2.138486    2.095912    1.686875    1.686875  0.000000  0.000000      14      12   0.804841    False
22      ZDT3  30  2  20         True      True       21       21       21      12      12      12         0.0          0    2.520858    1.024993    1.495865    1.254739    1.024993    1.024993  0.000000  0.000000      12      13   0.816898    False
23      ZDT4  10  2  20         True      True       17       17       17       8       8       8         0.0          0  160.002691   65.171036   94.831655   91.921668   65.171036   65.171036  0.000000  0.000000       8       6   0.708984    False
24      ZDT6  10  2  20         True      True       20       20       20       7       7       7         0.0          0    8.952706    7.605189    1.347517    7.997337    7.605189    7.605189  0.000000  0.000000       7       9   0.950965    False

S1 conjunto: 25 /25  | ordem: 25 /25
S2 max dif ①×float32(problems): 0.0
log_nfr==f64_nfr: 25 | log_f1==f64_f1: 25
log==f32: 24
S3 violações de monotonia IGD+: 0
S4 células que REGRIDEM vs DoE: 0 []
S4 razão final/DoE: min 0.3211 med 0.7103 max 0.9518
HV final == 0 em: 7 ['DTLZ1', 'DTLZ3', 'DTLZ7', 'ZDT1', 'ZDT3', 'ZDT4', 'ZDT6']
HV DoE  == 0 em: 10

     problema       moead       nsga2       nsga3     smsemoa  rank_entre_pisos melhor_piso  igd_melhor_piso  n_algs  rank_geral  n_sa_piores  n_sa   banda_min   banda_max  sa_dentro_banda
0    BBOB_F1    0.258214    0.135953    0.137319    0.148092                 4       nsga2         0.135953      17          16            1    13    0.135953    0.258214                2
1   BBOB_F17    0.033934    0.020614    0.024422    0.021335                 4       nsga2         0.020614      17          15            2    13    0.020614    0.033934                8
2   BBOB_F22    0.811612    0.267686    0.300715    0.159130                 4     smsemoa         0.159130      17          16            1    13    0.159130    0.811612                5
3   BBOB_F37    0.452479    0.276206    0.326857    0.253919                 4     smsemoa         0.253919      17          16            1    13    0.253919    0.452479                2
4   BBOB_F49    0.407819    0.207060    0.306760    0.296179                 4       nsga2         0.207060      17          14            3    13    0.207060    0.407819                2
5    BBOB_F5    0.255811    0.198527    0.190718    0.119282                 4     smsemoa         0.119282      17          16            1    13    0.119282    0.255811                2
6   BBOB_F55    0.808435    0.606148    0.673995    0.728974                 4       nsga2         0.606148      16          15            1    12    0.606148    0.808435                0
7      DTLZ1   55.243198   45.345703   54.579569   63.713414                 3       nsga2        45.345703      17           4           12    13   45.345703   63.713414                2
8      DTLZ2    0.351863    0.231497    0.243694    0.170082                 4     smsemoa         0.170082      16          15            1    12    0.170082    0.351863                4
9      DTLZ3  210.159422  305.654488  236.364671  129.767991                 2     smsemoa       129.767991      16           3           11    12  129.767991  305.654488                8
10     DTLZ4    0.323710    0.348047    0.282398    0.332167                 2       nsga3         0.282398      15           6            7    11    0.282398    0.348047                0
11     DTLZ7    1.428293    1.425284    1.124709    1.880962                 3       nsga3         1.124709      15          13            1    11    1.124709    1.880962                2
12      MMF1    0.068563    0.062812    0.057013    0.071434                 3       nsga3         0.057013      17          15            1    13    0.057013    0.071434                3
13   MMF11_L    0.043619    0.031757    0.023157    0.041454                 4       nsga3         0.023157      17          14            3    13    0.023157    0.043619                4
14  MMF16_20    0.060014    0.040700    0.031688    0.031616                 4     smsemoa         0.031616      15          15            0    11    0.031616    0.060014                5
15      MMF4    0.041876    0.040377    0.037712    0.047091                 3       nsga3         0.037712      17          15            1    13    0.037712    0.047091                2
16      WFG1    0.710468    0.498194    0.507446    0.495392                 4     smsemoa         0.495392      14          11            3    10    0.495392    0.710468                6
17      WFG2    0.223741    0.122756    0.123287    0.142299                 4       nsga2         0.122756      16          14            2    12    0.122756    0.223741                8
18      WFG4    0.109050    0.061710    0.071761    0.044424                 4     smsemoa         0.044424      16          13            3    12    0.044424    0.109050                9
19      WFG5    0.187378    0.093075    0.112633    0.094158                 4       nsga2         0.093075      16          16            0    12    0.093075    0.187378                4
20      WFG9    0.149732    0.099941    0.095535    0.111388                 4       nsga3         0.095535      16          12            4    12    0.095535    0.149732                4
21      ZDT1    1.686875    0.444078    0.956168    0.700594                 4       nsga2         0.444078      16          16            0    12    0.444078    1.686875                3
22      ZDT3    1.024993    0.344263    0.412129    0.350499                 4       nsga2         0.344263      15          15            0    11    0.344263    1.024993                5
23      ZDT4   65.171036   43.898269   46.246272   47.101878                 4       nsga2        43.898269      17          15            2    13   43.898269   65.171036                7
24      ZDT6    7.605189    6.445676    6.662400    6.605030                 4       nsga2         6.445676      16          16            0    12    6.445676    7.605189                1

rank entre os 4 pisos: {2: 2, 3: 4, 4: 19}
rank geral médio (de 17 algs): 13.44
mediana rank geral: 15.0
melhor piso por problema: {'nsga2': 11, 'smsemoa': 8, 'nsga3': 6}
média de SA abaixo (piores que) o moead: 2.44 de 13
