[main/MMF1] done
[main/MMF4] done
[main/MMF11_L] done
[main/MMF16_20] done
[main/ZDT1] done
[main/ZDT3] done
[main/ZDT4] done
[main/ZDT6] done
[main/DTLZ1] done
[main/DTLZ2] done
[main/DTLZ3] done
[main/DTLZ4] done
[main/DTLZ7] done
[main/WFG1] done
[main/WFG2] done
[main/WFG4] done
[main/WFG5] done
[main/WFG9] done
[main/BBOB_F1] done
[main/BBOB_F5] done
[main/BBOB_F17] done
[main/BBOB_F22] done
[main/BBOB_F37] done
[main/BBOB_F49] done
[main/BBOB_F55] done
[batch/DTLZ2] done
[batch/MMF16_20] done
[batch/WFG9] done
[batch/ZDT1] done
[batch/ZDT4] done
