C ok BBOB_F1
C ok BBOB_F17
C ok BBOB_F22
C ok BBOB_F37
C ok BBOB_F49
C ok BBOB_F5
C ok BBOB_F55
C ok DTLZ1
C ok DTLZ2
C ok DTLZ3
C ok DTLZ4
C ok DTLZ7
C ok MMF1
C ok MMF11_L
C ok MMF16_20
C ok MMF4
C ok WFG1
C ok WFG2
C ok WFG4
C ok WFG5
C ok WFG9
C ok ZDT1
C ok ZDT3
C ok ZDT4
C ok ZDT6
C ok swap_medium-lhs_DTLZ2
C ok swap_medium-lhs_MMF16_20
C ok swap_medium-lhs_WFG9
C ok swap_medium-lhs_ZDT1
C ok swap_medium-lhs_ZDT4
C ok swap_medium-mvns_DTLZ2
C ok swap_medium-mvns_MMF16_20
C ok swap_medium-mvns_WFG9
C ok swap_medium-mvns_ZDT1
C ok swap_medium-mvns_ZDT4
C ok swap_small-lhs_DTLZ2
C ok swap_small-lhs_MMF16_20
C ok swap_small-lhs_WFG9
C ok swap_small-lhs_ZDT1
C ok swap_small-lhs_ZDT4
C ok swap_small-mvns_DTLZ2
C ok swap_small-mvns_MMF16_20
C ok swap_small-mvns_WFG9
C ok swap_small-mvns_ZDT1
C ok swap_small-mvns_ZDT4
C3 ok b5r
C3 ok b5m
C3 ok moead_media
C3 ok e103
C3 ok c311
C gravado
