done BBOB_F1 D=10 M=2 C=66
done BBOB_F17 D=10 M=2 C=66
done BBOB_F22 D=10 M=2 C=66
done BBOB_F37 D=10 M=2 C=66
done BBOB_F49 D=10 M=2 C=66
done BBOB_F5 D=10 M=2 C=66
done BBOB_F55 D=10 M=2 C=66
done DTLZ1 D=7 M=3 C=46
done DTLZ2 D=12 M=3 C=80
done DTLZ3 D=12 M=3 C=80
done DTLZ4 D=12 M=3 C=80
done DTLZ7 D=22 M=3 C=146
done MMF1 D=2 M=2 C=13
done MMF11_L D=2 M=2 C=13
done MMF16_20 D=20 M=3 C=133
done MMF4 D=2 M=2 C=13
done WFG1 D=22 M=2 C=146
done WFG2 D=22 M=2 C=146
done WFG4 D=22 M=2 C=146
done WFG5 D=22 M=2 C=146
done WFG9 D=22 M=2 C=146
done ZDT1 D=30 M=2 C=200
done ZDT3 D=30 M=2 C=200
done ZDT4 D=10 M=2 C=66
done ZDT6 D=10 M=2 C=66
